{"seed": 46080, "model": "mlp", "arm": "A", "acc_h1": 0.0, "comp2": 0.0, "train_s": 0.479428768157959}
{"seed": 46080, "model": "mlp", "arm": "B", "acc_h1": 0.0, "comp2": 0.0, "train_s": 0.4480628967285156}
{"seed": 46080, "model": "liquid_ss", "arm": "A", "acc_h1": 0.0, "comp2": 0.0, "train_s": 0.8738691806793213}
{"seed": 46080, "model": "liquid_ss", "arm": "B", "acc_h1": 0.0, "comp2": 0.0, "train_s": 1.3060550689697266}
{"seed": 46080, "model": "ssm", "arm": "A", "acc_h1": 0.0, "comp2": 0.0, "train_s": 0.4437136650085449}
{"seed": 46080, "model": "ssm", "arm": "B", "acc_h1": 0.00390625, "comp2": 0.0, "train_s": 0.5857057571411133}
{"seed": 46081, "model": "mlp", "arm": "A", "acc_h1": 0.0, "comp2": 0.0, "train_s": 0.3663320541381836}
{"seed": 46081, "model": "mlp", "arm": "B", "acc_h1": 0.0, "comp2": 0.0, "train_s": 0.4589087963104248}
{"seed": 46081, "model": "liquid_ss", "arm": "A", "acc_h1": 0.0, "comp2": 0.0, "train_s": 0.8195459842681885}
{"seed": 46081, "model": "liquid_ss", "arm": "B", "acc_h1": 0.0, "comp2": 0.0, "train_s": 1.032473087310791}
{"seed": 46081, "model": "ssm", "arm": "A", "acc_h1": 0.0, "comp2": 0.0, "train_s": 0.45543718338012695}
{"seed": 46081, "model": "ssm", "arm": "B", "acc_h1": 0.0, "comp2": 0.0, "train_s": 0.605865478515625}
{"seed": 46082, "model": "mlp", "arm": "A", "acc_h1": 0.0, "comp2": 0.0, "train_s": 0.38190174102783203}
{"seed": 46082, "model": "mlp", "arm": "B", "acc_h1": 0.0, "comp2": 0.0, "train_s": 0.4812428951263428}
{"seed": 46082, "model": "liquid_ss", "arm": "A", "acc_h1": 0.0, "comp2": 0.0, "train_s": 0.8265676498413086}
{"seed": 46082, "model": "liquid_ss", "arm": "B", "acc_h1": 0.0, "comp2": 0.0, "train_s": 1.0589385032653809}
{"seed": 46082, "model": "ssm", "arm": "A", "acc_h1": 0.00390625, "comp2": 0.0, "train_s": 0.44213318824768066}
{"seed": 46082, "model": "ssm", "arm": "B", "acc_h1": 0.0, "comp2": 0.0, "train_s": 0.572709321975708}
{"seed": 46083, "model": "mlp", "arm": "A", "acc_h1": 0.0, "comp2": 0.0, "train_s": 0.3871591091156006}
{"seed": 46083, "model": "mlp", "arm": "B", "acc_h1": 0.0, "comp2": 0.0, "train_s": 0.4616680145263672}
{"seed": 46083, "model": "liquid_ss", "arm": "A", "acc_h1": 0.0, "comp2": 0.0, "train_s": 0.7734198570251465}
{"seed": 46083, "model": "liquid_ss", "arm": "B", "acc_h1": 0.0, "comp2": 0.0, "train_s": 1.058021068572998}
{"seed": 46083, "model": "ssm", "arm": "A", "acc_h1": 0.0, "comp2": 0.0, "train_s": 0.45861148834228516}
{"seed": 46083, "model": "ssm", "arm": "B", "acc_h1": 0.0, "comp2": 0.0, "train_s": 0.629732608795166}
{"seed": 46084, "model": "mlp", "arm": "A", "acc_h1": 0.0, "comp2": 0.0, "train_s": 0.3560347557067871}
{"seed": 46084, "model": "mlp", "arm": "B", "acc_h1": 0.0, "comp2": 0.0, "train_s": 0.4774966239929199}
{"seed": 46084, "model": "liquid_ss", "arm": "A", "acc_h1": 0.0, "comp2": 0.0, "train_s": 0.8537571430206299}
{"seed": 46084, "model": "liquid_ss", "arm": "B", "acc_h1": 0.0, "comp2": 0.0, "train_s": 1.046475887298584}
{"seed": 46084, "model": "ssm", "arm": "A", "acc_h1": 0.0, "comp2": 0.0, "train_s": 0.447857141494751}
{"seed": 46084, "model": "ssm", "arm": "B", "acc_h1": 0.00390625, "comp2": 0.0, "train_s": 0.5883040428161621}
{"seed": 46085, "model": "mlp", "arm": "A", "acc_h1": 0.0, "comp2": 0.0, "train_s": 0.3548285961151123}
{"seed": 46085, "model": "mlp", "arm": "B", "acc_h1": 0.0, "comp2": 0.0, "train_s": 0.47237586975097656}
{"seed": 46085, "model": "liquid_ss", "arm": "A", "acc_h1": 0.0, "comp2": 0.0, "train_s": 0.8398284912109375}
{"seed": 46085, "model": "liquid_ss", "arm": "B", "acc_h1": 0.0, "comp2": 0.0, "train_s": 1.0334196090698242}
{"seed": 46085, "model": "ssm", "arm": "A", "acc_h1": 0.0, "comp2": 0.0, "train_s": 0.4576287269592285}
{"seed": 46085, "model": "ssm", "arm": "B", "acc_h1": 0.0, "comp2": 0.0, "train_s": 0.5947270393371582}
{"seed": 46086, "model": "mlp", "arm": "A", "acc_h1": 0.0, "comp2": 0.0, "train_s": 0.35299015045166016}
{"seed": 46086, "model": "mlp", "arm": "B", "acc_h1": 0.0, "comp2": 0.0, "train_s": 0.4785728454589844}
{"seed": 46086, "model": "liquid_ss", "arm": "A", "acc_h1": 0.0, "comp2": 0.0, "train_s": 0.7663571834564209}
{"seed": 46086, "model": "liquid_ss", "arm": "B", "acc_h1": 0.0, "comp2": 0.0, "train_s": 1.0629842281341553}
{"seed": 46086, "model": "ssm", "arm": "A", "acc_h1": 0.0, "comp2": 0.0, "train_s": 0.4164767265319824}
{"seed": 46086, "model": "ssm", "arm": "B", "acc_h1": 0.0, "comp2": 0.0, "train_s": 0.5744485855102539}
{"seed": 46087, "model": "mlp", "arm": "A", "acc_h1": 0.0, "comp2": 0.0, "train_s": 0.36290812492370605}
{"seed": 46087, "model": "mlp", "arm": "B", "acc_h1": 0.0, "comp2": 0.0, "train_s": 0.474729061126709}
{"seed": 46087, "model": "liquid_ss", "arm": "A", "acc_h1": 0.0, "comp2": 0.0, "train_s": 0.8415465354919434}
{"seed": 46087, "model": "liquid_ss", "arm": "B", "acc_h1": 0.0, "comp2": 0.0, "train_s": 0.9897592067718506}
{"seed": 46087, "model": "ssm", "arm": "A", "acc_h1": 0.0, "comp2": 0.0, "train_s": 0.45569419860839844}
{"seed": 46087, "model": "ssm", "arm": "B", "acc_h1": 0.0, "comp2": 0.0, "train_s": 0.5762605667114258}
{"seed": 46088, "model": "mlp", "arm": "A", "acc_h1": 0.0, "comp2": 0.0, "train_s": 0.36812329292297363}
{"seed": 46088, "model": "mlp", "arm": "B", "acc_h1": 0.0, "comp2": 0.0, "train_s": 0.45459532737731934}
{"seed": 46088, "model": "liquid_ss", "arm": "A", "acc_h1": 0.0, "comp2": 0.0, "train_s": 0.819831132888794}
{"seed": 46088, "model": "liquid_ss", "arm": "B", "acc_h1": 0.0, "comp2": 0.0, "train_s": 1.1143810749053955}
{"seed": 46088, "model": "ssm", "arm": "A", "acc_h1": 0.0, "comp2": 0.0, "train_s": 0.43704771995544434}
{"seed": 46088, "model": "ssm", "arm": "B", "acc_h1": 0.00390625, "comp2": 0.0, "train_s": 0.5962653160095215}
{"seed": 46089, "model": "mlp", "arm": "A", "acc_h1": 0.0, "comp2": 0.0, "train_s": 0.38861751556396484}
{"seed": 46089, "model": "mlp", "arm": "B", "acc_h1": 0.0, "comp2": 0.0, "train_s": 0.47778820991516113}
{"seed": 46089, "model": "liquid_ss", "arm": "A", "acc_h1": 0.0, "comp2": 0.0, "train_s": 0.8113765716552734}
{"seed": 46089, "model": "liquid_ss", "arm": "B", "acc_h1": 0.0, "comp2": 0.0, "train_s": 1.1099169254302979}
{"seed": 46089, "model": "ssm", "arm": "A", "acc_h1": 0.0, "comp2": 0.0, "train_s": 0.44464659690856934}
{"seed": 46089, "model": "ssm", "arm": "B", "acc_h1": 0.0, "comp2": 0.0, "train_s": 0.5804717540740967}
{"seed": 46090, "model": "mlp", "arm": "A", "acc_h1": 0.0, "comp2": 0.0, "train_s": 0.3638572692871094}
{"seed": 46090, "model": "mlp", "arm": "B", "acc_h1": 0.0, "comp2": 0.0, "train_s": 0.4603567123413086}
{"seed": 46090, "model": "liquid_ss", "arm": "A", "acc_h1": 0.0, "comp2": 0.0, "train_s": 0.8014853000640869}
{"seed": 46090, "model": "liquid_ss", "arm": "B", "acc_h1": 0.0, "comp2": 0.0, "train_s": 1.032438039779663}
{"seed": 46090, "model": "ssm", "arm": "A", "acc_h1": 0.0, "comp2": 0.0, "train_s": 0.4351940155029297}
{"seed": 46090, "model": "ssm", "arm": "B", "acc_h1": 0.0, "comp2": 0.0, "train_s": 0.514225959777832}
{"seed": 46091, "model": "mlp", "arm": "A", "acc_h1": 0.0, "comp2": 0.0, "train_s": 0.3639702796936035}
{"seed": 46091, "model": "mlp", "arm": "B", "acc_h1": 0.0, "comp2": 0.0, "train_s": 0.4671800136566162}
{"seed": 46091, "model": "liquid_ss", "arm": "A", "acc_h1": 0.0, "comp2": 0.0, "train_s": 0.7852647304534912}
{"seed": 46091, "model": "liquid_ss", "arm": "B", "acc_h1": 0.0, "comp2": 0.0, "train_s": 1.0646915435791016}
{"seed": 46091, "model": "ssm", "arm": "A", "acc_h1": 0.0, "comp2": 0.0, "train_s": 0.49150705337524414}
{"seed": 46091, "model": "ssm", "arm": "B", "acc_h1": 0.0, "comp2": 0.0, "train_s": 0.5495672225952148}
{"seed": 46092, "model": "mlp", "arm": "A", "acc_h1": 0.0, "comp2": 0.0, "train_s": 0.3447136878967285}
{"seed": 46092, "model": "mlp", "arm": "B", "acc_h1": 0.0, "comp2": 0.0, "train_s": 0.44020915031433105}
{"seed": 46092, "model": "liquid_ss", "arm": "A", "acc_h1": 0.0, "comp2": 0.0, "train_s": 0.8517577648162842}
{"seed": 46092, "model": "liquid_ss", "arm": "B", "acc_h1": 0.0, "comp2": 0.0, "train_s": 1.0729248523712158}
{"seed": 46092, "model": "ssm", "arm": "A", "acc_h1": 0.0, "comp2": 0.0, "train_s": 0.4386913776397705}
{"seed": 46092, "model": "ssm", "arm": "B", "acc_h1": 0.0, "comp2": 0.0, "train_s": 0.5777814388275146}
{"seed": 46093, "model": "mlp", "arm": "A", "acc_h1": 0.0, "comp2": 0.0, "train_s": 0.39442992210388184}
{"seed": 46093, "model": "mlp", "arm": "B", "acc_h1": 0.0, "comp2": 0.0, "train_s": 0.473876953125}
{"seed": 46093, "model": "liquid_ss", "arm": "A", "acc_h1": 0.0, "comp2": 0.0, "train_s": 0.8919558525085449}
{"seed": 46093, "model": "liquid_ss", "arm": "B", "acc_h1": 0.0, "comp2": 0.0, "train_s": 1.0375418663024902}
{"seed": 46093, "model": "ssm", "arm": "A", "acc_h1": 0.0, "comp2": 0.0, "train_s": 0.40938544273376465}
{"seed": 46093, "model": "ssm", "arm": "B", "acc_h1": 0.0, "comp2": 0.0, "train_s": 0.5398850440979004}
{"seed": 46094, "model": "mlp", "arm": "A", "acc_h1": 0.0, "comp2": 0.0, "train_s": 0.3532137870788574}
{"seed": 46094, "model": "mlp", "arm": "B", "acc_h1": 0.0, "comp2": 0.0, "train_s": 0.45348477363586426}
{"seed": 46094, "model": "liquid_ss", "arm": "A", "acc_h1": 0.0, "comp2": 0.0, "train_s": 0.9324197769165039}
{"seed": 46094, "model": "liquid_ss", "arm": "B", "acc_h1": 0.0, "comp2": 0.0, "train_s": 1.037926435470581}
{"seed": 46094, "model": "ssm", "arm": "A", "acc_h1": 0.0, "comp2": 0.0, "train_s": 0.4346926212310791}
{"seed": 46094, "model": "ssm", "arm": "B", "acc_h1": 0.0, "comp2": 0.0, "train_s": 0.5685033798217773}
{"seed": 46095, "model": "mlp", "arm": "A", "acc_h1": 0.0, "comp2": 0.0, "train_s": 0.35041332244873047}
{"seed": 46095, "model": "mlp", "arm": "B", "acc_h1": 0.0, "comp2": 0.0, "train_s": 0.43422722816467285}
{"seed": 46095, "model": "liquid_ss", "arm": "A", "acc_h1": 0.0, "comp2": 0.0, "train_s": 0.8482961654663086}
{"seed": 46095, "model": "liquid_ss", "arm": "B", "acc_h1": 0.0, "comp2": 0.0, "train_s": 1.1561648845672607}
{"seed": 46095, "model": "ssm", "arm": "A", "acc_h1": 0.0, "comp2": 0.0, "train_s": 0.4431731700897217}
{"seed": 46095, "model": "ssm", "arm": "B", "acc_h1": 0.00390625, "comp2": 0.0, "train_s": 0.5895347595214844}
